size=0
 AuthData=3020120 7060504 B0A0908 F0E0D0C 3020110 7060504 B0A0908 F0E0D0C
