Ret=0
 serialnumber=0000000405060708090A0B0C0D0E0F1011121314
 firmwareVersion=1.0.3.29
